// Jest Snapshot v1, https://goo.gl/fbAQLP

exports[`process-summary-queue inserts an entry into the stats table 1`] = `
Array [
  1,
  Array [
    122.32,
  ],
]
`;

exports[`process-summary-queue sends an email SNS notification 1`] = `
Array [
  Object {
    "Message": "email",
    "MessageAttributes": Object {
      "pinger_id": Object {
        "DataType": "Number",
        "StringValue": "1",
      },
      "subject": Object {
        "DataType": "String",
        "StringValue": "Jauni PINGER sludinājumi",
      },
      "template_id": Object {
        "DataType": "String",
        "StringValue": "summary",
      },
      "template_variables": Object {
        "DataType": "String",
        "StringValue": "{\\"is_premium\\":true,\\"unsubscribe_url\\":\\"https://unsubscribe.brokalys.com/?key=undefined&id=1\\",\\"properties\\":[[\\"https://brokalys.com/\\",100000,2,45],[\\"https://brokalys.com/\\",100000,2,45],[\\"https://brokalys.com/\\",100000,2,45]]}",
      },
      "to": Object {
        "DataType": "String",
        "StringValue": undefined,
      },
    },
    "MessageStructure": "string",
    "TargetArn": "arn:aws:sns:undefined:173751334418:email-undefined",
  },
]
`;
